// Jest Snapshot v1, https://goo.gl/fbAQLP

exports[`ExerciseSelect Component renders correctly 1`] = `
<form
  onSubmit={[Function]}
>
  <Select
    addLabelText="Add \\"{label}\\"?"
    arrowRenderer={[Function]}
    autosize={true}
    backspaceRemoves={true}
    backspaceToRemoveMessage="Press backspace to remove {label}"
    clearAllText="Clear all"
    clearRenderer={[Function]}
    clearValueText="Clear value"
    clearable={true}
    closeOnSelect={true}
    deleteRemoves={true}
    delimiter=","
    disabled={false}
    escapeClearsValue={true}
    filterOptions={[Function]}
    ignoreAccents={true}
    ignoreCase={true}
    inputProps={Object {}}
    isLoading={false}
    joinValues={false}
    labelKey="label"
    matchPos="any"
    matchProp="any"
    menuBuffer={0}
    menuRenderer={[Function]}
    multi={false}
    noResultsText="No results found"
    onBlurResetsInput={true}
    onChange={[Function]}
    onCloseResetsInput={true}
    onSelectResetsInput={true}
    openOnClick={true}
    optionComponent={[Function]}
    options={
      Array [
        Object {
          "label": "Please select",
          "value": "Please select",
        },
      ]
    }
    pageSize={5}
    placeholder="Select..."
    required={false}
    scrollMenuIntoView={true}
    searchable={true}
    simpleValue={false}
    tabSelectsValue={true}
    value="Please select"
    valueComponent={[Function]}
    valueKey="value"
  />
  <input
    type="submit"
    value="Add"
  />
</form>
`;
